// Jest Snapshot v1, https://goo.gl/fbAQLP

exports[`xcmPallet limitedReserveTransferAssets v1v2 should be correct config 1`] = `
{
  "extrinsic": "limitedReserveTransferAssets",
  "getParams": [Function],
  "pallet": "xcmPallet",
  "successEvent": "Attempted",
}
`;

exports[`xcmPallet limitedReserveTransferAssets v1v2 should get correct params 1`] = `
[
  {
    "V1": {
      "interior": {
        "X1": {
          "Parachain": 1000,
        },
      },
      "parents": 0,
    },
  },
  {
    "V1": {
      "interior": {
        "X1": {
          "AccountKey20": {
            "key": "0xeF46c7649270C912704fB09B75097f6E32208b85",
            "network": "Any",
          },
        },
      },
      "parents": 0,
    },
  },
  {
    "V1": [
      {
        "fun": {
          "Fungible": 1000n,
        },
        "id": {
          "Concrete": {
            "interior": "Here",
            "parents": 0,
          },
        },
      },
    ],
  },
  0,
  "Unlimited",
]
`;
