// Jest Snapshot v1, https://goo.gl/fbAQLP

exports[`polkadotXcm limitedReserveTransferAssets v0 should be correct config 1`] = `
Object {
  "extrinsic": "limitedReserveTransferAssets",
  "getParams": [Function],
  "pallet": "polkadotXcm",
  "successEvent": "Attempted",
}
`;

exports[`polkadotXcm limitedReserveTransferAssets v0 should get correct params 1`] = `
Array [
  Object {
    "V1": Object {
      "interior": Object {
        "X1": Object {
          "Parachain": 1000,
        },
      },
      "parents": 1,
    },
  },
  Object {
    "V1": Object {
      "interior": Object {
        "X1": Object {
          "AccountKey20": Object {
            "key": "0xeF46c7649270C912704fB09B75097f6E32208b85",
            "network": "Any",
          },
        },
      },
      "parents": 0,
    },
  },
  Object {
    "V0": Array [
      Object {
        "ConcreteFungible": Object {
          "amount": 1000n,
          "id": "Null",
        },
      },
    ],
  },
  0,
  Object {
    "Limited": 1000000000,
  },
]
`;
